// Jest Snapshot v1, https://goo.gl/fbAQLP

exports[`RepoList สามารถ render RepoList พร้อม mock data ได้อย่างถูกต้อง 1`] = `
<RCTScrollView
  contentContainerStyle={
    Object {
      "paddingVertical": 40,
    }
  }
  dataSource={
    ListViewDataSource {
      "items": 3,
    }
  }
  renderRow={[Function]}
  renderScrollComponent={[Function]}
>
  <View>
    <View>
      <Text
        accessible={true}
        allowFontScaling={true}
        ellipsizeMode="tail"
      >
        Test 1
      </Text>
      <Text
        accessible={true}
        allowFontScaling={true}
        ellipsizeMode="tail"
      >
        50000 stars
      </Text>
    </View>
    <View>
      <Text
        accessible={true}
        allowFontScaling={true}
        ellipsizeMode="tail"
      >
        Test 2
      </Text>
      <Text
        accessible={true}
        allowFontScaling={true}
        ellipsizeMode="tail"
      >
        10000 stars
      </Text>
    </View>
    <View>
      <Text
        accessible={true}
        allowFontScaling={true}
        ellipsizeMode="tail"
      >
        Test 3
      </Text>
      <Text
        accessible={true}
        allowFontScaling={true}
        ellipsizeMode="tail"
      >
        499 stars
      </Text>
    </View>
  </View>
</RCTScrollView>
`;
